// Jest Snapshot v1, https://goo.gl/fbAQLP

exports[`AboutUs test check AboutUs page appearance 1`] = `
<div
  data-testid="about-us"
>
  <h1>
    about us
  </h1>
</div>
`;
