// Jest Snapshot v1, https://goo.gl/fbAQLP

exports[`check app page appearance 1`] = `
<div
  class="App"
  data-testid="app"
>
  <header
    class="Header"
    data-testid="header"
  >
    <a
      aria-current="page"
      class="active-link"
      data-testid="main-page__link"
      href="/"
    >
      main page
    </a>
    <a
      class="inActiveLink"
      data-testid="about-us__link"
      href="/about-us"
    >
      about us
    </a>
  </header>
  <footer
    class="Footer"
    data-testid="footer"
  >
    <div>
      <a
        href="https://rs.school/js/"
        rel="noreferrer"
        target="_blank"
      >
        <img
          alt="logo"
          src="rs-school-js.svg"
          width="100"
        />
      </a>
    </div>
    <div>
      <a
        href="https://github.com/SavitskayaKseniya22"
        rel="noreferrer"
        target="_blank"
      >
        made by Kseniya Savitskaya
      </a>
    </div>
    <div>
      Â© 2022
    </div>
  </footer>
</div>
`;
